LEAKS:
valgrind --leak-check=full --show-leak-kinds=all --track-origins=yes --trace-children=yes --track-fds=yes --suppressions=readline.supp ./minishell



jlehtone:/home/jlehtone/Desktop/git_home/minishell/dir1/dir2$ cd dir3
jlehtone:/home/jlehtone/Desktop/git_home/minishell/dir1/dir2/dir3$ ls
jlehtone:/home/jlehtone/Desktop/git_home/minishell/dir1/dir2/dir3$ rm -rf ../../dir2/
jlehtone:/home/jlehtone/Desktop/git_home/minishell/dir1/dir2/dir3$ pwd
/home/jlehtone/Desktop/git_home/minishell/dir1/dir2/dir3
jlehtone:/home/jlehtone/Desktop/git_home/minishell/dir1/dir2/dir3$ cd
cd: HOME not set
jlehtone:/home/jlehtone/Desktop/git_home/minishell/dir1/dir2/dir3$ cd ..
Error retrieving current directory
Segmentation fault (core dumped)


FIXED ~ should expand to $HOME

signals
FIXED ctrl \ = nothing in heredoc
FIXED ctrl \ = child process exits ("QUIT")
FIXED ctrl c behaves like ctrl d in heredoc

make sure error code is 131 after "core dump"
also ctrl c in child should be 130
also generally it should be 130

operations with shlvl - check for overflow

ls <> test.txt

ctrl d should not exit if prompt is not empty in heredoc

FIXED "."

aklimchu:/home/aklimchu/minishell$ /bin/echo $HOME$USER
/home/akliaklimchu
aklimchu:/home/aklimchu/minishell$ exit
c2r5p1% bash
aklimchu@c2r5p1:~/minishell$ /bin/echo $HOME$USER
/home/aklimchuaklimchu

aklimchu@c2r5p1:~/minishell$ /bin/echo $HOME$USER
/home/aklimchuaklimchu
aklimchu@c2r5p1:~/minishell$ /bin/echo $"'HOM'E"$USER
'HOM'Eaklimchu
aklimchu@c2r5p1:~/minishell$ ./minishell
aklimchu:/home/aklimchu/minishell$ /bin/echo $"'HOM'E"$USER
$'HOM'Eaklimchu



/bin/echo $"HOME"$USER

/bin/echo $"HOM"E$USER

/bin/echo $"'HOM'E"$USER

/bin/echo $'HOM'E$USER

/bin/echo $"HOME"

/bin/echo $"$"

/bin/echo $"42$"

/bin/echo $'$'

echo -n -n -n -n 42

bash: exit: : numeric argument required
c2r5p1% echo $?
2

aklimchu@c2r5p1:~/minishell$ echo $"HOME"
HOME
aklimchu@c2r5p1:~/minishell$ ./minishell
aklimchu:/home/aklimchu/minishell$ echo $"HOME"
$HOME

FIXED - cd - prints destination

/bin/echo \$USER




/bin/echo \$USER

/bin/echo \\$USER

/bin/echo \\\$USER

echo '' -n

cat << $USER

echo -

export =============123

export "="="="

export TES}T=123

export TE*ST=123

export ?=hallo

exit +++++


aklimchu:/home/aklimchu$ echo segfault <"<<<"<<amazing
> .
> amazing
<<<: No such file or directory
Failed to duplicate a file descriptor
